{
  "version": "1.5.0",
  "plugins_used": [
    {
      "name": "ArtifactoryDetector"
    },
    {
      "name": "AWSKeyDetector"
    },
    {
      "name": "AzureStorageKeyDetector"
    },
    {
      "name": "Base64HighEntropyString",
      "limit": 4.5
    },
    {
      "name": "BasicAuthDetector"
    },
    {
      "name": "CloudantDetector"
    },
    {
      "name": "DiscordBotTokenDetector"
    },
    {
      "name": "GitHubTokenDetector"
    },
    {
      "name": "GitLabTokenDetector"
    },
    {
      "name": "HexHighEntropyString",
      "limit": 3.0
    },
    {
      "name": "IbmCloudIamDetector"
    },
    {
      "name": "IbmCosHmacDetector"
    },
    {
      "name": "IPPublicDetector"
    },
    {
      "name": "JwtTokenDetector"
    },
    {
      "name": "KeywordDetector",
      "keyword_exclude": ""
    },
    {
      "name": "MailchimpDetector"
    },
    {
      "name": "NpmDetector"
    },
    {
      "name": "OpenAIDetector"
    },
    {
      "name": "PrivateKeyDetector"
    },
    {
      "name": "PypiTokenDetector"
    },
    {
      "name": "SendGridDetector"
    },
    {
      "name": "SlackDetector"
    },
    {
      "name": "SoftlayerDetector"
    },
    {
      "name": "SquareOAuthDetector"
    },
    {
      "name": "StripeDetector"
    },
    {
      "name": "TelegramBotTokenDetector"
    },
    {
      "name": "TwilioKeyDetector"
    }
  ],
  "filters_used": [
    {
      "path": "detect_secrets.filters.allowlist.is_line_allowlisted"
    },
    {
      "path": "detect_secrets.filters.common.is_baseline_file",
      "filename": ".secrets.baseline"
    },
    {
      "path": "detect_secrets.filters.common.is_ignored_due_to_verification_policies",
      "min_level": 2
    },
    {
      "path": "detect_secrets.filters.heuristic.is_indirect_reference"
    },
    {
      "path": "detect_secrets.filters.heuristic.is_likely_id_string"
    },
    {
      "path": "detect_secrets.filters.heuristic.is_lock_file"
    },
    {
      "path": "detect_secrets.filters.heuristic.is_not_alphanumeric_string"
    },
    {
      "path": "detect_secrets.filters.heuristic.is_potential_uuid"
    },
    {
      "path": "detect_secrets.filters.heuristic.is_prefixed_with_dollar_sign"
    },
    {
      "path": "detect_secrets.filters.heuristic.is_sequential_string"
    },
    {
      "path": "detect_secrets.filters.heuristic.is_swagger_file"
    },
    {
      "path": "detect_secrets.filters.heuristic.is_templated_secret"
    },
    {
      "path": "detect_secrets.filters.regex.should_exclude_file",
      "pattern": [
        "^CHANGELOG\\.md$"
      ]
    }
  ],
  "results": {
    "home/.config/theme/bin/theme-bg-fetch": [
      {
        "type": "Hex High Entropy String",
        "filename": "home/.config/theme/bin/theme-bg-fetch",
        "hashed_secret": "1c53924536c9d18ce42bdf2d73f426fcb7c1d0ae",
        "is_verified": false,
        "line_number": 24,
        "is_secret": false
      }
    ],
    "home/.config/theme/bin/theme-port": [
      {
        "type": "Hex High Entropy String",
        "filename": "home/.config/theme/bin/theme-port",
        "hashed_secret": "1c53924536c9d18ce42bdf2d73f426fcb7c1d0ae",
        "is_verified": false,
        "line_number": 20,
        "is_secret": false
      }
    ],
    "install.sh": [
      {
        "type": "Hex High Entropy String",
        "filename": "install.sh",
        "hashed_secret": "0b39e43f9c4122a9887274ae9338f59896606e50",
        "is_verified": false,
        "line_number": 84,
        "is_secret": false
      }
    ],
    "skills-lock.json": [
      {
        "type": "Hex High Entropy String",
        "filename": "skills-lock.json",
        "hashed_secret": "fd885edb82954612b6854d532ae4809ed92e368b",
        "is_verified": false,
        "line_number": 8,
        "is_secret": false
      }
    ]
  },
  "generated_at": "2026-09-23T01:53:09Z"
}
